// Jest Snapshot v1, https://goo.gl/fbAQLP

exports[`fetchUserSaga should dispatch the fetchUsersFail action if the response errors 1`] = `
Object {
  "@@redux-saga/IO": true,
  "CALL": Object {
    "args": Array [
      "/users",
    ],
    "context": null,
    "fn": [Function],
  },
}
`;

exports[`fetchUserSaga should dispatch the fetchUsersSuccess action if it requests the data successfully 1`] = `
Object {
  "@@redux-saga/IO": true,
  "CALL": Object {
    "args": Array [
      "/users",
    ],
    "context": null,
    "fn": [Function],
  },
}
`;
